// Jest Snapshot v1, https://goo.gl/fbAQLP

exports[`renders form 1`] = `
<form
  class="create-form"
>
  <input
    class="full-width"
    placeholder="Tab name â€¦"
    type="text"
    value="Badminton"
  />
  <button
    class="create"
  >
    Create
  </button>
</form>
`;
