// Jest Snapshot v1, https://goo.gl/fbAQLP

exports[`renders form 1`] = `
<form
  class="import-form"
>
  <div
    class="row-label"
  >
    Open shared tab:
  </div>
  <input
    class="full-width"
    placeholder="Tab ID â€¦"
    type="text"
    value="xy123hq"
  />
  <button>
    Open
  </button>
  <div
    class="error-message"
  />
</form>
`;
