// Jest Snapshot v1, https://goo.gl/fbAQLP

exports[`renders empty view with no tab selected 1`] = `
<div
  className="scene mainScene hidden"
>
  <div
    className="header"
  >
    <button
      className="left"
      onClick={[MockFunction]}
    >
      <svg
        height={16}
        width={16}
      >
        <path
          d="m2 2c-0.554 0-1 0.446-1 1s0.446 1 1 1h12c0.554 0 1-0.446 1-1s-0.446-1-1-1h-12zm0 5c-0.554 0-1 0.446-1 1s0.446 1 1 1h12c0.554 0 1-0.446 1-1s-0.446-1-1-1h-12zm0 5c-0.554 0-1 0.446-1 1s0.446 1 1 1h12c0.554 0 1-0.446 1-1s-0.446-1-1-1h-12z"
        />
      </svg>
    </button>
    <h2>
      
    </h2>
    <button
      className="create"
      onClick={[Function]}
    >
      +
    </button>
  </div>
  <div>
    <div
      className="load-error"
    >
      <img
        alt=""
        src="logo.png"
      />
      <h2>
        Grouptabs
      </h2>
      <p>
        Error: Tab data missing. Are you offline? Try refreshing.
      </p>
      <button
        className="create"
        onClick={[Function]}
      >
        OK
      </button>
    </div>
  </div>
</div>
`;

exports[`renders missing tab info error 1`] = `
<div
  className="scene mainScene hidden"
>
  <div
    className="header"
  >
    <button
      className="left"
      onClick={[MockFunction]}
    >
      <svg
        height={16}
        width={16}
      >
        <path
          d="m2 2c-0.554 0-1 0.446-1 1s0.446 1 1 1h12c0.554 0 1-0.446 1-1s-0.446-1-1-1h-12zm0 5c-0.554 0-1 0.446-1 1s0.446 1 1 1h12c0.554 0 1-0.446 1-1s-0.446-1-1-1h-12zm0 5c-0.554 0-1 0.446-1 1s0.446 1 1 1h12c0.554 0 1-0.446 1-1s-0.446-1-1-1h-12z"
        />
      </svg>
    </button>
    <h2>
      
    </h2>
    <button
      className="create"
      onClick={[Function]}
    >
      +
    </button>
  </div>
  <div>
    <div
      className="load-error"
    >
      <img
        alt=""
        src="logo.png"
      />
      <h2>
        Grouptabs
      </h2>
      <p>
        Error: Tab data missing. Are you offline? Try refreshing.
      </p>
      <button
        className="create"
        onClick={[Function]}
      >
        OK
      </button>
    </div>
  </div>
</div>
`;
